
> canvas-bd@0.0.0 build
> vite build

[36mvite v7.3.1 [32mbuilding client environment for production...[36m[39m
transforming...
[32mΓ£ô[39m 1784 modules transformed.
rendering chunks...
computing gzip size...
[2mdist/[22m[32mindex.html                 [39m[1m[2m  0.88 kB[22m[1m[22m[2m Γöé gzip:   0.51 kB[22m
[2mdist/[22m[35massets/index-SqEpW7Gs.css  [39m[1m[2m 48.35 kB[22m[1m[22m[2m Γöé gzip:   9.40 kB[22m
[2mdist/[22m[36massets/index-CvL9jgaO.js   [39m[1m[2m413.10 kB[22m[1m[22m[2m Γöé gzip: 115.76 kB[22m
[32mΓ£ô built in 34.15s[39m
